npx : 
ts-jest[ts-jest-transformer] 
(WARN) Define `ts-jest` 
config under `globals` is 
deprecated. Please do
At line:1 char:1
+ npx jest src/tests/auth.rol
e-register.test.ts 
--runInBand > test_outp ...
+ ~~~~~~~~~~~~~~~~~~~~~~~~~~~
~~~~~~~~~~~~~~~~~~~~~~~~~~~~~
~~~~~~~~~~~~~
    + CategoryInfo           
   : NotSpecified: (ts-jest  
  [ts-jest...ated. Please    
 do:String) [], RemoteExc    
eption
    + FullyQualifiedErrorId  
   : NativeCommandError
 
transform: {
    <transform_regex>: 
['ts-jest', { /* ts-jest 
config goes here in Jest */ 
}],
},
See more at https://kulshekha
r.github.io/ts-jest/docs/gett
ing-started/presets#advanced
  console.log
    [TEST] Email would be sent: {
      to: 'instructor.test@example.com',
      subject: 'Your Verification Code',
      text: 'Your verification code is 373830.\nThis code expires in 5 minutes.'
    }

      at EmailService.sendEmail (src/utils/emailService.ts:33:15)

::ffff:127.0.0.1 - - [12/Jan/2026:18:44:18 +0000] "POST /api/auth/register HTTP/1.1" 200 51 "-" "-"
  console.log
    [TEST] Email would be sent: {
      to: 'student.test@example.com',
      subject: 'Your Verification Code',
      text: 'Your verification code is 742057.\nThis code expires in 5 minutes.'
    }

      at EmailService.sendEmail (src/utils/emailService.ts:33:15)

::ffff:127.0.0.1 - - [12/Jan/2026:18:44:21 +0000] "POST /api/auth/register HTTP/1.1" 200 51 "-" "-"
FAIL src/tests/auth.role-regi
ster.test.ts (26.738 s)
  Auth Registration with Role
    ├ù should register a 
user as INSTRUCTOR (7214 ms)
    ├ù should register a 
user as STUDENT by default 
(2640 ms)

  ΓùÅ Auth Registration with 
Role ΓÇ║ should register a 
user as INSTRUCTOR

    expect(received).toBe(exp
ected) // Object.is equality

    Expected: "INSTRUCTOR"
    Received: "ADMIN"

    [0m [90m 31 |[39m
     [90m 32 |[39m         
expect(user)[33m.[39mtoBeDe
fined()[33m;[39m
    
[31m[1m>[22m[39m[90m 33 
|[39m         expect(user[3
3m?[39m[33m.[39mrole)[33m
.[39mtoBe([32m'INSTRUCTOR'
[39m)[33m;[39m
     [90m    |[39m         
                   
[31m[1m^[22m[39m
     [90m 34 |[39m     
})[33m;[39m
     [90m 35 |[39m
     [90m 36 |[39m     
it([32m'should register a 
user as STUDENT by 
default'[39m[33m,[39m 
[36masync[39m () 
[33m=>[39m {[0m

      at Object.<anonymous> (
src/tests/auth.role-register.
test.ts:33:28)

  ΓùÅ Auth Registration with 
Role ΓÇ║ should register a 
user as STUDENT by default

    expect(received).toBe(exp
ected) // Object.is equality

    Expected: "STUDENT"
    Received: "ADMIN"

    [0m [90m 51 |[39m
     [90m 52 |[39m         
expect(user)[33m.[39mtoBeDe
fined()[33m;[39m
    
[31m[1m>[22m[39m[90m 53 
|[39m         expect(user[3
3m?[39m[33m.[39mrole)[33m
.[39mtoBe([32m'STUDENT'[39
m)[33m;[39m
     [90m    |[39m         
                   
[31m[1m^[22m[39m
     [90m 54 |[39m     
})[33m;[39m
     [90m 55 |[39m 
})[33m;[39m
     [90m 56 |[39m[0m

      at Object.<anonymous> (
src/tests/auth.role-register.
test.ts:53:28)

Test Suites: 1 failed, 1 
total
Tests:       2 failed, 2 
total
Snapshots:   0 total
Time:        27.7 s, 
estimated 39 s
Ran all test suites matching 
/src\\tests\\auth.role-regist
er.test.ts/i.
